src/routes/auth.routes.ts(13,48): error TS2339: Property 'forgotPassword' does not exist on type 'typeof import("C:/Users/MichaelOgunkalu/Downloads/CAP Business Pro Digital Platform/backend/src/controllers/auth.controller")'.
